// Jest Snapshot v1, https://goo.gl/fbAQLP

exports[`<ProfileMenu /> should render the menu 1`] = `
.c0 {
  display: flex;
  border-bottom: 0.1rem solid #EAEAEA;
}

.c1 {
  display: flex;
  align-items: center;
  text-decoration: none;
  padding: 1.6rem 2.4rem;
  transition: background-color,color,0.3s ease-in-out;
  background: #FAFAFA;
  color: #030517;
}

.c1:hover {
  background-color: #F231A5;
  color: #FAFAFA;
}

.c1 >span {
  margin-left: 1.6rem;
}

.c2 {
  display: flex;
  align-items: center;
  text-decoration: none;
  padding: 1.6rem 2.4rem;
  transition: background-color,color,0.3s ease-in-out;
  background: #FAFAFA;
  color: #030517;
}

.c2:hover {
  background-color: #F231A5;
  color: #FAFAFA;
}

.c2 >span {
  margin-left: 1.6rem;
}

@media (min-width: 768px) {
  .c0 {
    flex-direction: column;
    border: 0;
  }

  .c0 a:not(:last-child) {
    border-bottom: 0.1rem solid #EAEAEA;
  }
}

@media (max-width: 768px) {
  .c1 {
    justify-content: center;
    flex: 1;
  }

  .c1 >span {
    display: none;
  }
}

@media (max-width: 768px) {
  .c2 {
    justify-content: center;
    flex: 1;
  }

  .c2 >span {
    display: none;
  }
}

<nav
  class="c0"
>
  <a
    class="c1"
    href="/profile/me"
    title="My profile"
  >
    <svg
      class="remixicon "
      fill="currentColor"
      height="24"
      viewBox="0 0 24 24"
      width="24"
      xmlns="http://www.w3.org/2000/svg"
    >
      <path
        d="M12 2C17.5228 2 22 6.47715 22 12C22 17.5228 17.5228 22 12 22C6.47715 22 2 17.5228 2 12C2 6.47715 6.47715 2 12 2ZM12.1597 16C10.1243 16 8.29182 16.8687 7.01276 18.2556C8.38039 19.3474 10.114 20 12 20C13.9695 20 15.7727 19.2883 17.1666 18.1081C15.8956 16.8074 14.1219 16 12.1597 16ZM12 4C7.58172 4 4 7.58172 4 12C4 13.8106 4.6015 15.4807 5.61557 16.8214C7.25639 15.0841 9.58144 14 12.1597 14C14.6441 14 16.8933 15.0066 18.5218 16.6342C19.4526 15.3267 20 13.7273 20 12C20 7.58172 16.4183 4 12 4ZM12 5C14.2091 5 16 6.79086 16 9C16 11.2091 14.2091 13 12 13C9.79086 13 8 11.2091 8 9C8 6.79086 9.79086 5 12 5ZM12 7C10.8954 7 10 7.89543 10 9C10 10.1046 10.8954 11 12 11C13.1046 11 14 10.1046 14 9C14 7.89543 13.1046 7 12 7Z"
      />
    </svg>
    <span
      class=""
    >
      My profile
    </span>
  </a>
  <a
    class="c1"
    href="/profile/orders"
    title="My orders"
  >
    <svg
      class="remixicon "
      fill="currentColor"
      height="24"
      viewBox="0 0 24 24"
      width="24"
      xmlns="http://www.w3.org/2000/svg"
    >
      <path
        d="M8 4H21V6H8V4ZM4.5 6.5C3.67157 6.5 3 5.82843 3 5C3 4.17157 3.67157 3.5 4.5 3.5C5.32843 3.5 6 4.17157 6 5C6 5.82843 5.32843 6.5 4.5 6.5ZM4.5 13.5C3.67157 13.5 3 12.8284 3 12C3 11.1716 3.67157 10.5 4.5 10.5C5.32843 10.5 6 11.1716 6 12C6 12.8284 5.32843 13.5 4.5 13.5ZM4.5 20.4C3.67157 20.4 3 19.7284 3 18.9C3 18.0716 3.67157 17.4 4.5 17.4C5.32843 17.4 6 18.0716 6 18.9C6 19.7284 5.32843 20.4 4.5 20.4ZM8 11H21V13H8V11ZM8 18H21V20H8V18Z"
      />
    </svg>
    <span
      class=""
    >
      My orders
    </span>
  </a>
  <button
    class="c2"
    title="Sign out"
    type="button"
  >
    <svg
      class="remixicon "
      fill="currentColor"
      height="24"
      viewBox="0 0 24 24"
      width="24"
      xmlns="http://www.w3.org/2000/svg"
    >
      <path
        d="M12 22C6.47715 22 2 17.5228 2 12C2 6.47715 6.47715 2 12 2C15.2713 2 18.1757 3.57078 20.0002 5.99923L17.2909 5.99931C15.8807 4.75499 14.0285 4 12 4C7.58172 4 4 7.58172 4 12C4 16.4183 7.58172 20 12 20C14.029 20 15.8816 19.2446 17.2919 17.9998L20.0009 17.9998C18.1765 20.4288 15.2717 22 12 22ZM19 16V13H11V11H19V8L24 12L19 16Z"
      />
    </svg>
    <span
      class=""
    >
      Sign out
    </span>
  </button>
</nav>
`;
