// Jest Snapshot v1, https://goo.gl/fbAQLP

exports[`<CartList /> should render the cart list 1`] = `
.c0 {
  background-color: #FAFAFA;
  display: flex;
  flex-direction: column;
  align-self: start;
}

.c1 {
  max-height: 40rem;
  overflow-y: auto;
}

.c9 {
  background: #eee;
  color: #030517;
  font-weight: 600;
  font-size: 1.4rem;
  padding: 2rem;
  display: flex;
  align-items: center;
  justify-content: space-between;
}

.c10 {
  color: #F231A5;
}

.c2 {
  padding: 2.4rem;
  border-bottom: 0.1rem solid #EAEAEA;
}

.c3 {
  display: flex;
  width: 100%;
}

.c4 {
  flex-shrink: 0;
  margin-right: 1.2rem;
  width: 9.6rem;
  height: 5.6rem;
}

.c4 img {
  width: 100%;
  height: 100%;
  object-fit: cover;
}

.c5 {
  display: flex;
  flex-direction: column;
  align-items: flex-start;
  width: 100%;
}

.c6 {
  display: grid;
  font-size: 1.4rem;
  line-height: 1.4rem;
  font-weight: 600;
  color: #030517;
  margin-bottom: 0px;
}

.c7 {
  display: flex;
  align-items: center;
  justify-content: space-between;
  width: 100%;
}

.c8 {
  color: #FAFAFA;
  padding: 0.2rem 0.8rem;
  background-color: #3CD3C1;
  border-radius: 0.4rem;
  font-size: 1.4rem;
  font-weight: 600;
}

@media (min-width: 768px) {
  .c9 {
    font-size: 1.6rem;
    padding: 2.4rem;
  }
}

@media (min-width: 768px) {
  .c2 {
    display: flex;
  }
}

@media (min-width: 768px) {
  .c4 {
    margin-right: 1.6rem;
    width: 15rem;
    height: 7rem;
  }
}

@media (min-width: 768px) {
  .c6 {
    font-size: 2rem;
    line-height: 2rem;
  }
}

<main
  class="c0"
  data-cy="cart-list"
>
  <div
    class="c1"
  >
    <div
      class="c2"
      data-cy="game-item"
    >
      <div
        class="c3"
      >
        <div
          class="c4"
        >
          <img
            alt="Red Dead Redemption 2"
            data-nimg="1"
            decoding="async"
            height="70"
            loading="lazy"
            src="/_next/image?url=https%3A%2F%2Fimages.unsplash.com%2Fphoto-1674461315270-d6b04eaff631&w=384&q=75"
            srcset="/_next/image?url=https%3A%2F%2Fimages.unsplash.com%2Fphoto-1674461315270-d6b04eaff631&w=256&q=75 1x, /_next/image?url=https%3A%2F%2Fimages.unsplash.com%2Fphoto-1674461315270-d6b04eaff631&w=384&q=75 2x"
            style="color: transparent;"
            width="151"
          />
        </div>
        <div
          class="c5"
        >
          <div
            class="flex items-center mb-[0.8rem]"
          >
            <h3
              class="c6 truncate"
            >
              Red Dead Redemption 2
            </h3>
          </div>
          <div
            class="c7"
          >
            <p
              class="c8"
            >
              R$ 215,00
            </p>
          </div>
        </div>
      </div>
    </div>
    <div
      class="c2"
      data-cy="game-item"
    >
      <div
        class="c3"
      >
        <div
          class="c4"
        >
          <img
            alt="Borderlands 3"
            data-nimg="1"
            decoding="async"
            height="70"
            loading="lazy"
            src="/_next/image?url=https%3A%2F%2Fimages.unsplash.com%2Fphoto-1674461315270-d6b04eaff631&w=384&q=75"
            srcset="/_next/image?url=https%3A%2F%2Fimages.unsplash.com%2Fphoto-1674461315270-d6b04eaff631&w=256&q=75 1x, /_next/image?url=https%3A%2F%2Fimages.unsplash.com%2Fphoto-1674461315270-d6b04eaff631&w=384&q=75 2x"
            style="color: transparent;"
            width="151"
          />
        </div>
        <div
          class="c5"
        >
          <div
            class="flex items-center mb-[0.8rem]"
          >
            <h3
              class="c6 truncate"
            >
              Borderlands 3
            </h3>
          </div>
          <div
            class="c7"
          >
            <p
              class="c8"
            >
              R$ 215,00
            </p>
          </div>
        </div>
      </div>
    </div>
  </div>
  <div
    class="c9"
  >
    <span
      class=""
    >
      Total:
    </span>
    <span
      class="c10"
    >
      R$ 330,00
    </span>
  </div>
</main>
`;
